files/80.csv
id,week,center_id,meal_id,checkout_price,base_price,emailer_for_promotion,homepage_featured,num_orders
1465915,1,80,2126,487,486,0,1,40
1282283,2,80,2126,487,486,0,1,28
1064378,3,80,2126,485,486,0,0,55
1467564,4,80,2126,484.03,486.03,0,0,41
1318013,5,80,2126,500.52,501.52,0,0,40
1096093,6,80,2126,485.03,485.03,0,0,26
1488797,8,80,2126,533.53,533.53,0,0,15
1289771,9,80,2126,533.53,533.53,0,0,28
1073733,10,80,2126,532.53,533.53,0,1,13
1437138,11,80,2126,532.53,533.53,0,0,14
1326471,13,80,2126,484.03,485.03,0,0,14
1233946,14,80,2126,484.03,485.03,0,1,15
1406732,15,80,2126,485.03,485.03,0,1,13
1195546,17,80,2126,533.53,532.53,0,0,13
1236650,18,80,2126,485.03,484.03,0,0,27
1087611,19,80,2126,485.03,484.03,0,0,15
1269837,20,80,2126,486.03,485.03,0,0,42
1151939,21,80,2126,486.03,484.03,0,1,13
1238668,22,80,2126,534.53,532.53,0,0,42
1077539,23,80,2126,533.53,534.53,0,0,42
1236456,24,80,2126,534.53,534.53,0,0,53
1356441,25,80,2126,486.03,485.03,0,0,14
1174580,26,80,2126,486.03,484.03,0,0,13
1039575,27,80,2126,486.03,486.03,0,0,26
1256414,28,80,2126,533.53,533.53,0,0,15
1369265,30,80,2126,484.03,485.03,0,0,96
1204847,32,80,2126,532.53,534.53,0,0,14
1481545,33,80,2126,434.59,532.53,0,0,40
1389265,34,80,2126,434.59,534.53,0,0,55
1388711,35,80,2126,533.53,533.53,0,0,13
1412474,37,80,2126,533.53,533.53,0,0,42
1472627,38,80,2126,532.53,533.53,0,0,14
1352745,39,80,2126,484.03,486.03,0,0,13
1355648,40,80,2126,485.03,484.03,0,0,14
1199286,42,80,2126,484.03,486.03,0,0,28
1247133,45,80,2126,504.43,504.43,0,0,67
1441054,46,80,2126,503.43,505.43,0,0,13
1408548,48,80,2126,534.53,533.53,0,0,14
1341416,49,80,2126,532.53,534.53,0,0,13
1408407,51,80,2126,533.53,532.53,0,0,40
1360882,52,80,2126,437.5,532.53,0,0,82
1364958,53,80,2126,438.5,534.53,0,0,80
1019545,54,80,2126,468.51,534.53,0,0,42
1309165,55,80,2126,436.5,533.53,0,0,13
1249412,56,80,2126,534.53,533.53,0,0,28
1436859,57,80,2126,533.53,534.53,0,0,42
1449536,58,80,2126,534.53,533.53,0,0,26
1479838,59,80,2126,533.53,533.53,0,0,40
1347612,60,80,2126,534.53,532.53,0,0,15
1017793,61,80,2126,437.53,532.53,1,0,13
1427985,63,80,2126,437.53,533.53,0,0,53
1118912,64,80,2126,435.53,534.53,0,0,26
1269387,65,80,2126,533.53,533.53,0,0,15
1306564,66,80,2126,533.53,532.53,0,0,13
1126463,67,80,2126,533.53,534.53,0,0,13
1220174,68,80,2126,534.53,533.53,0,0,27
1132849,69,80,2126,533.53,533.53,0,0,14
1317175,70,80,2126,484.03,533.53,1,0,40
1346057,71,80,2126,486.03,532.53,1,1,40
1249105,72,80,2126,484.03,485.03,0,0,41
1482463,73,80,2126,484.03,486.03,0,0,54
1072704,74,80,2126,532.53,532.53,0,0,41
1484944,77,80,2126,533.53,532.53,0,0,15
1074450,79,80,2126,534.53,534.53,0,0,54
1101920,81,80,2126,464.63,532.53,0,0,53
1032079,82,80,2126,466.63,532.53,0,0,27
1097118,83,80,2126,465.63,534.53,0,0,80
1292488,84,80,2126,464.63,533.53,0,0,26
1196932,85,80,2126,532.53,533.53,0,0,28
1044337,86,80,2126,533.53,533.53,0,0,15
1485751,87,80,2126,534.53,532.53,0,0,15
1461994,89,80,2126,437.53,532.53,0,1,67
1253455,90,80,2126,436.53,532.53,0,1,40
1407780,91,80,2126,436.53,533.53,0,1,53
1035660,92,80,2126,534.53,534.53,0,1,55
1462008,93,80,2126,534.53,533.53,0,1,13
1408966,94,80,2126,533.53,534.53,0,1,41
1222167,95,80,2126,533.53,533.53,0,0,41
1356274,96,80,2126,462.75,533.53,0,0,55
1232547,97,80,2126,438.5,534.53,0,0,42
1342754,98,80,2126,532.53,534.53,0,0,15
1334485,99,80,2126,534.53,534.53,0,0,42
1486033,100,80,2126,534.53,533.53,0,1,80
1005564,101,80,2126,533.53,533.53,0,0,26
1292640,102,80,2126,533.53,534.53,0,0,14
1445014,104,80,2126,435.53,532.53,0,0,26
1344947,105,80,2126,436.53,533.53,0,0,122
1431110,106,80,2126,435.53,534.53,0,1,55
1446047,107,80,2126,534.53,534.53,0,1,82
1201879,109,80,2126,534.53,534.53,0,0,55
1412854,110,80,2126,532.53,534.53,0,0,53
1499595,111,80,2126,533.53,532.53,0,0,41
1341219,112,80,2126,534.53,533.53,0,0,42
1221088,113,80,2126,452.02,534.53,0,1,82
1077232,114,80,2126,436.53,533.53,0,1,13
1069008,115,80,2126,533.53,532.53,0,1,28
1405715,116,80,2126,533.53,532.53,0,1,27
1298559,117,80,2126,534.53,532.53,0,0,15
1128046,118,80,2126,533.53,532.53,0,0,14
1499638,121,80,2126,428.8,532.53,0,0,28
1487074,123,80,2126,426.8,532.53,0,1,13
1280923,124,80,2126,427.8,533.53,0,0,14
1008706,125,80,2126,427.8,532.53,0,0,14
1024728,126,80,2126,426.8,533.53,0,0,42
1384779,127,80,2126,428.8,533.53,0,0,28
1368204,128,80,2126,427.8,534.53,0,0,14
1053965,129,80,2126,426.8,428.8,0,0,69
1273337,131,80,2126,427.8,427.8,0,0,41
1157871,132,80,2126,427.8,427.8,0,0,41
1235603,133,80,2126,427.8,427.8,0,0,41
1310291,134,80,2126,428.8,427.8,0,0,26
1249120,135,80,2126,436.53,437.53,0,0,28
1451149,137,80,2126,509.31,507.31,0,0,13
1296759,138,80,2126,508.31,508.31,0,1,13
1467593,139,80,2126,369.63,509.31,0,1,26
1281820,140,80,2126,417.13,508.31,0,0,14
1326254,141,80,2126,507.31,507.31,0,0,28
1116956,142,80,2126,507.31,509.31,0,0,13
1370797,143,80,2126,507.31,508.31,0,0,15
1371510,144,80,2126,507.31,508.31,0,1,15
1479409,145,80,2126,486.03,508.31,0,1,40
1494283,1,80,2826,329.83,330.83,0,0,688
1248734,2,80,2826,328.83,329.83,0,0,593
1346615,3,80,2826,330.83,328.83,0,0,541
1493710,4,80,2826,330.83,328.83,0,0,634
1014714,5,80,2826,329.83,328.83,0,0,539
1039649,6,80,2826,329.83,330.83,0,0,432
1485976,7,80,2826,300.73,300.73,0,0,528
1121987,8,80,2826,300.76,300.76,0,0,675
1000017,9,80,2826,298.76,298.76,0,0,771
1218336,10,80,2826,258.99,298.76,1,0,1094
1346520,11,80,2826,260.96,298.76,1,0,838
1471527,12,80,2826,264.81,300.76,0,0,716
1125137,13,80,2826,300.76,300.76,0,0,836
1115278,14,80,2826,300.76,299.76,0,0,486
1352171,15,80,2826,319.16,318.16,0,0,405
1418525,16,80,2826,320.13,319.13,0,0,582
1255827,17,80,2826,319.13,321.13,0,0,690
1261037,18,80,2826,223.1,320.13,1,0,1350
1264455,19,80,2826,270.63,319.13,0,0,1161
1329945,20,80,2826,320.13,319.13,0,0,581
1380566,21,80,2826,321.13,321.13,0,0,339
1091989,22,80,2826,320.13,320.13,0,0,931
1123366,23,80,2826,320.13,320.13,0,0,541
1468295,24,80,2826,320.13,319.13,0,0,555
1037626,25,80,2826,320.13,319.13,0,0,447
1409790,26,80,2826,320.13,320.13,0,0,662
1146388,27,80,2826,320.13,319.13,0,0,540
1081654,28,80,2826,300.7,321.13,1,0,850
1374266,29,80,2826,302.7,319.13,1,0,541
1299345,30,80,2826,307.49,307.49,0,0,797
1067454,31,80,2826,319.13,320.13,0,0,527
1177906,32,80,2826,320.13,320.13,0,0,526
1247632,33,80,2826,321.13,321.13,0,0,609
1016302,34,80,2826,319.13,319.13,0,0,568
1442011,35,80,2826,320.13,321.13,0,0,163
1402990,36,80,2826,319.13,321.13,0,0,554
1037084,37,80,2826,320.13,320.13,0,0,432
1141135,38,80,2826,319.13,319.13,0,0,433
1168477,39,80,2826,319.13,321.13,0,0,823
1227027,40,80,2826,320.13,320.13,0,0,460
1336603,41,80,2826,320.13,320.13,0,0,568
1046884,42,80,2826,320.13,321.13,0,0,513
1212858,43,80,2826,320.13,321.13,0,0,607
1467334,44,80,2826,321.13,321.13,0,0,716
1433392,45,80,2826,321.13,320.13,0,0,459
1037353,46,80,2826,265.84,319.13,1,0,269
1121568,47,80,2826,261.93,320.13,0,1,932
1436032,48,80,2826,319.13,319.13,0,0,798
1191184,49,80,2826,319.16,319.16,0,0,541
1032729,50,80,2826,321.13,321.13,0,0,716
1037705,51,80,2826,320.13,321.13,0,0,366
1081973,52,80,2826,319.13,320.13,0,0,744
1214030,53,80,2826,320.13,320.13,0,0,676
1194899,54,80,2826,321.13,319.13,0,0,473
1239397,55,80,2826,321.13,321.13,0,0,609
1053671,56,80,2826,320.13,321.13,0,0,485
1008886,57,80,2826,320.13,320.13,0,0,514
1437056,58,80,2826,321.13,320.13,0,0,446
1200499,59,80,2826,320.13,319.13,0,0,528
1285762,60,80,2826,257.11,321.13,1,0,1160
1225701,61,80,2826,321.13,321.13,0,0,566
1030799,62,80,2826,321.13,319.13,0,0,231
1043296,63,80,2826,278.45,321.13,1,0,675
1232955,64,80,2826,290.06,320.13,1,0,730
1185608,65,80,2826,319.13,321.13,0,0,608
1312570,66,80,2826,321.13,321.13,0,0,391
1397176,67,80,2826,320.13,319.13,0,0,310
1306912,68,80,2826,319.13,319.13,0,0,419
1111778,69,80,2826,269.66,319.13,1,1,1405
1463319,70,80,2826,321.13,320.13,0,0,256
1258770,71,80,2826,320.13,319.13,0,0,365
1396545,72,80,2826,321.13,319.13,0,0,541
1469509,73,80,2826,320.13,321.13,0,0,404
1322094,74,80,2826,320.13,319.13,0,0,527
1160380,75,80,2826,255.14,319.13,1,0,1013
1200522,76,80,2826,272.63,321.13,0,0,474
1142194,77,80,2826,320.13,321.13,0,0,433
1078071,78,80,2826,321.13,320.13,0,0,486
1388438,79,80,2826,218.25,320.13,1,0,892
1160263,80,80,2826,317.22,318.22,0,0,514
1167563,81,80,2826,321.13,321.13,0,0,310
1352280,82,80,2826,320.13,321.13,0,0,472
1076367,83,80,2826,321.13,321.13,0,0,419
1411382,84,80,2826,321.13,320.13,0,0,555
1444974,85,80,2826,321.13,319.13,0,0,487
1367171,86,80,2826,320.13,321.13,0,0,447
1385319,87,80,2826,320.13,321.13,0,0,404
1095642,88,80,2826,319.13,321.13,0,0,123
1303722,89,80,2826,319.13,320.13,0,0,298
1272778,90,80,2826,321.13,319.13,0,0,458
1339667,91,80,2826,320.13,321.13,0,0,635
1021969,92,80,2826,321.13,320.13,0,0,406
1480874,93,80,2826,321.13,321.13,0,0,512
1284305,94,80,2826,274.57,319.13,0,0,661
1106378,95,80,2826,270.69,321.13,0,0,717
1275204,96,80,2826,277.45,320.13,0,0,647
1269261,97,80,2826,272.57,320.13,0,0,513
1447600,98,80,2826,280.36,319.13,0,0,284
1476137,99,80,2826,327.86,329.86,0,0,473
1457361,100,80,2826,328.86,327.86,0,0,771
1111617,101,80,2826,329.86,328.86,0,0,620
1105721,102,80,2826,328.86,329.86,0,0,420
1171379,103,80,2826,329.86,328.86,0,0,431
1491840,104,80,2826,329.86,329.86,0,0,729
1405590,105,80,2826,328.86,328.86,0,0,581
1008307,106,80,2826,329.86,329.86,0,0,527
1185237,107,80,2826,328.86,327.86,0,0,392
1467241,108,80,2826,327.86,329.86,0,0,420
1477832,109,80,2826,322.1,322.1,0,0,728
1302334,110,80,2826,254.2,321.1,1,0,1365
1165580,111,80,2826,254.14,320.1,0,1,1485
1026521,112,80,2826,260.99,321.1,0,1,1365
1274203,113,80,2826,327.86,328.86,0,0,512
1422016,114,80,2826,329.86,327.86,0,0,474
1348147,115,80,2826,328.86,328.86,0,0,568
1314480,116,80,2826,327.86,328.86,0,0,513
1007306,117,80,2826,347.29,348.29,0,0,890
1452218,118,80,2826,347.29,348.29,0,0,420
1253682,119,80,2826,346.29,348.29,0,0,688
1483380,120,80,2826,348.29,347.29,0,0,635
1219431,121,80,2826,348.29,348.29,0,0,688
1015197,122,80,2826,347.29,348.29,0,0,460
1216141,123,80,2826,346.29,348.29,0,0,431
1221553,124,80,2826,346.29,346.29,0,0,662
1201489,125,80,2826,346.29,348.29,0,0,634
1120975,126,80,2826,348.29,348.29,0,0,906
1269639,127,80,2826,346.29,346.29,0,0,609
1204925,128,80,2826,261.96,347.29,1,1,1889
1226872,129,80,2826,275.48,346.29,1,1,1513
1039094,130,80,2826,345.32,345.32,0,0,1148
1180840,131,80,2826,347.29,348.29,0,0,594
1018030,132,80,2826,348.29,346.29,0,0,890
1136238,133,80,2826,379.33,379.33,0,0,1052
1373507,134,80,2826,377.33,378.33,0,0,756
1494853,135,80,2826,379.33,379.33,0,0,1122
1457041,136,80,2826,376.36,376.36,0,0,809
1061397,137,80,2826,378.33,379.33,0,0,824
1042994,138,80,2826,377.33,379.33,0,0,1014
1194189,139,80,2826,377.33,378.33,0,0,1256
1422757,140,80,2826,378.33,378.33,0,0,932
1156672,141,80,2826,379.33,378.33,0,0,971
1109001,142,80,2826,377.33,379.33,0,0,1095
1417510,143,80,2826,379.33,377.33,0,0,986
1218160,144,80,2826,377.33,378.33,0,0,782
1439128,145,80,2826,379.33,378.33,0,0,594
1279108,1,80,1754,269.72,267.72,0,0,701
1263101,2,80,1754,291.03,290.03,0,0,474
1015378,3,80,1754,290.03,291.03,0,0,716
1315326,4,80,1754,290.03,290.03,0,0,607
1154745,5,80,1754,239.59,290.03,0,0,701
1106969,6,80,1754,204.73,290.03,0,0,269
1418931,7,80,1754,269.66,269.66,0,0,392
1032593,8,80,1754,249.32,250.32,0,0,284
1248942,9,80,1754,250.32,249.32,0,0,378
1326575,10,80,1754,280.36,279.36,0,0,364
1481578,11,80,1754,253.23,279.36,0,0,405
1090845,12,80,1754,282.27,284.27,0,0,514
1295275,13,80,1754,289.09,289.09,0,0,553
1285986,14,80,1754,276.48,277.48,0,0,527
1324631,15,80,1754,291.03,291.03,0,0,474
1029202,16,80,1754,291.03,291.03,0,0,418
1130061,17,80,1754,290.03,290.03,0,0,648
1174872,18,80,1754,194,290.03,1,1,3753
1195713,19,80,1754,234.77,292.03,0,1,2079
1053051,20,80,1754,264.84,263.84,0,0,730
1472369,21,80,1754,260.96,261.96,0,0,770
1030046,22,80,1754,241.53,259.96,1,1,2308
1297450,23,80,1754,231.86,259.96,1,1,1457
1279200,24,80,1754,271.66,271.66,0,0,528
1074468,25,80,1754,281.36,280.36,0,0,568
1460325,26,80,1754,274.51,274.51,0,0,717
1344669,27,80,1754,274.54,273.54,0,0,702
1116592,28,80,1754,267.75,267.75,0,0,298
1362475,29,80,1754,280.36,280.36,0,0,323
1499905,30,80,1754,152.32,281.36,1,0,3280
1147392,31,80,1754,254.17,254.17,0,0,809
1129262,32,80,1754,237.65,255.17,1,0,2484
1006882,33,80,1754,239.59,239.59,0,0,582
1399862,34,80,1754,276.45,277.45,0,0,285
1400417,35,80,1754,275.51,276.51,0,0,242
1105332,36,80,1754,274.57,272.57,0,0,688
1347840,37,80,1754,286.21,286.21,0,0,662
1393038,38,80,1754,281.3,282.3,0,0,474
1201185,39,80,1754,294.91,294.91,0,0,555
1345652,40,80,1754,291.97,292.97,0,0,231
1381279,41,80,1754,297.85,297.85,0,0,311
1058366,42,80,1754,310.43,309.43,0,0,284
1068926,43,80,1754,310.43,311.43,0,0,175
1202519,44,80,1754,297.82,298.82,0,0,337
1426303,45,80,1754,290.03,292.03,0,0,431
1489077,46,80,1754,245.47,290.03,1,1,594
1142580,47,80,1754,241.56,292.03,0,1,1349
1168616,48,80,1754,192.12,290.03,1,0,4132
1148426,49,80,1754,291,293,0,0,431
1168536,50,80,1754,310.43,311.43,0,0,406
1016095,51,80,1754,309.43,310.43,0,0,404
1153114,52,80,1754,305.61,305.61,0,0,703
1464092,53,80,1754,310.43,309.43,0,0,594
1298127,54,80,1754,292,293,0,0,94
1416360,55,80,1754,311.43,309.43,0,0,351
1426312,56,80,1754,309.43,311.43,0,0,161
1047929,57,80,1754,277.45,311.43,0,0,486
1156634,58,80,1754,201.76,311.43,0,0,310
1325731,59,80,1754,254.14,311.43,0,0,377
1326098,60,80,1754,241.59,311.43,1,1,2580
1027665,61,80,1754,286.21,285.21,0,0,338
1277661,62,80,1754,311.43,311.43,0,0,121
1100858,63,80,1754,223.16,311.43,0,0,94
1177851,64,80,1754,262.93,311.43,0,0,204
1404770,65,80,1754,274.51,311.43,0,0,810
1202731,66,80,1754,275.54,310.43,0,0,620
1310138,67,80,1754,275.51,309.43,0,0,784
1099121,68,80,1754,191.09,310.43,1,0,3482
1115749,69,80,1754,190.12,310.43,0,0,3564
1190371,70,80,1754,193.09,309.43,1,0,3930
1491275,71,80,1754,194.06,192.06,0,0,2524
1086731,72,80,1754,271.63,270.63,0,0,446
1179866,73,80,1754,262.93,261.93,0,0,420
1245583,74,80,1754,279.36,281.36,0,0,959
1198075,75,80,1754,245.47,279.36,1,0,1486
1019915,76,80,1754,242.5,281.36,0,0,851
1416185,77,80,1754,274.57,272.57,0,0,540
1124175,78,80,1754,281.36,280.36,0,0,690
1206120,79,80,1754,202.79,281.36,1,1,3104
1321224,80,80,1754,277.42,277.42,0,0,715
1459349,81,80,1754,279.36,281.36,0,0,675
1340152,82,80,1754,281.36,281.36,0,0,662
1474155,83,80,1754,279.36,280.36,0,0,1079
1071770,84,80,1754,276.51,275.51,0,0,755
1256215,85,80,1754,281.36,281.36,0,0,446
1035248,86,80,1754,280.36,279.36,0,0,364
1481564,87,80,1754,311.43,309.43,0,0,474
1324584,88,80,1754,310.43,309.43,0,0,176
1096348,89,80,1754,309.43,310.43,0,0,203
1308888,90,80,1754,311.43,311.43,0,0,96
1014700,91,80,1754,309.43,310.43,0,0,446
1322797,92,80,1754,311.43,309.43,0,0,404
1029303,93,80,1754,309.43,311.43,0,0,393
1476111,94,80,1754,309.43,311.43,0,0,391
1354451,95,80,1754,310.43,311.43,0,0,366
1264788,96,80,1754,301.73,300.73,0,0,445
1013555,97,80,1754,259.02,301.73,0,0,134
1354324,98,80,1754,305.55,305.55,0,0,271
1353156,99,80,1754,311.4,312.4,0,0,378
1016526,100,80,1754,305.55,305.55,0,0,770
1210553,101,80,1754,279.36,281.36,0,0,202
1224941,102,80,1754,322.04,324.04,0,0,325
1434194,103,80,1754,323.04,322.04,0,0,337
1155082,104,80,1754,314.34,313.34,0,0,446
1397880,105,80,1754,324.04,324.04,0,0,593
1051051,106,80,1754,323.04,323.04,0,0,312
1225568,107,80,1754,324.04,323.04,0,0,378
1031898,108,80,1754,322.04,322.04,0,0,392
1440327,109,80,1754,302.67,302.67,0,0,972
1469188,110,80,1754,241.56,301.67,1,1,2890
1233364,111,80,1754,244.47,303.67,0,1,2538
1090240,112,80,1754,236.71,301.67,0,1,1000
1458964,113,80,1754,319.19,301.67,0,1,863
1002012,114,80,1754,324.04,322.04,0,0,648
1272868,115,80,1754,311.43,310.43,0,0,350
1112523,116,80,1754,322.1,321.1,0,0,393
1275090,117,80,1754,318.16,318.16,0,0,486
1368806,118,80,1754,292.03,291.03,0,0,229
1269064,119,80,1754,318.16,320.16,0,0,256
1017751,120,80,1754,319.16,319.16,0,0,338
1446858,121,80,1754,319.16,319.16,0,0,350
1321049,122,80,1754,296.85,297.85,0,0,555
1059381,123,80,1754,256.14,296.85,0,0,161
1364989,124,80,1754,255.14,295.85,0,0,270
1340587,125,80,1754,292.94,293.94,0,0,540
1387206,126,80,1754,316.28,315.28,0,0,541
1053146,127,80,1754,305.55,306.55,0,0,352
1246977,128,80,1754,238.68,306.55,1,1,2092
1247746,129,80,1754,249.35,306.55,1,1,1607
1166093,130,80,1754,319.16,319.16,0,0,1000
1080465,131,80,1754,318.16,320.16,0,0,594
1325063,132,80,1754,318.16,318.16,0,0,594
1132906,133,80,1754,319.16,320.16,0,0,352
1309308,134,80,1754,318.16,319.16,0,0,337
1065702,135,80,1754,309.46,308.46,0,0,892
1132491,136,80,1754,294.94,293.94,0,0,513
1453293,137,80,1754,319.16,319.16,0,0,445
1306738,138,80,1754,320.16,320.16,0,0,420
1239932,139,80,1754,314.31,313.31,0,0,810
1354009,140,80,1754,320.16,319.16,0,0,730
1476953,141,80,1754,318.16,320.16,0,0,487
1400542,142,80,1754,320.16,318.16,0,0,528
1097752,143,80,1754,318.16,320.16,0,0,743
1372043,144,80,1754,318.16,320.16,0,0,798
1261872,145,80,1754,319.16,318.16,0,0,526
